// Jest Snapshot v1, https://goo.gl/fbAQLP

exports[`Snapshot works 1`] = `
<div
  className="form-group"
>
  <input
    className="form-control"
    name=""
    onChange={[Function]}
    placeholder="Filter..."
    type="text"
  />
</div>
`;
